<html>
<body>
<pre>
<h1>µVision Build Log</h1>
<h2>Tool Versions:</h2>
IDE-Version: µVision V5.36.0.0
Copyright (C) 2021 ARM Ltd and ARM Germany GmbH. All rights reserved.
License Information: a idinafig098123@outlook.com, a, LIC=----
 
Tool Versions:
Toolchain:       MDK-Lite  Version: 5.36.0.0
Toolchain Path:  C:\Keil_v5\ARM\ARMCLANG\Bin
C Compiler:      ArmClang.exe V6.16
Assembler:       Armasm.exe V6.16
Linker/Locator:  ArmLink.exe V6.16
Library Manager: ArmAr.exe V6.16
Hex Converter:   FromElf.exe V6.16
CPU DLL:         SARMCM3.DLL V5.36.0.0
Dialog DLL:      DCM.DLL V1.17.3.0
Target DLL:      STLink\ST-LINKIII-KEIL_SWO.dll V3.0.9.0
Dialog DLL:      TCM.DLL V1.53.0.0
 
<h2>Project:</h2>
C:\Users\User\Documents\Progs\kurs\kurs.uvprojx
Project File Date:  11/11/2024

<h2>Output:</h2>
*** Using Compiler 'V6.16', folder: 'C:\Keil_v5\ARM\ARMCLANG\Bin'
Build target 'Target 1'
main.c(3): warning: In file included from...
./lcd_ili93xx_driver.h(189): warning: implicit conversion loses integer precision: 'int' to 'uint16_t' (aka 'unsigned short') [-Wimplicit-int-conversion]
    return (((red >> 3) << 11) | ((green >> 2) << 5) | (blue >> 3));
    ~~~~~~  ~~~~~~~~~~~~~~~~~~~~~~~~~~~~~~~~~~~~~~~~~^~~~~~~~~~~~~
main.c(7): warning: no previous prototype for function 'Error_Handler' [-Wmissing-prototypes]
void Error_Handler(){
     ^
main.c(7): note: declare 'static' if the function is not intended to be used outside of this translation unit
void Error_Handler(){
^
static 
main.c(7): warning: this old-style function definition is not preceded by a prototype [-Wstrict-prototypes]
void Error_Handler(){
                  ^
main.c(11): warning: no previous prototype for function 'SystemClock_Config' [-Wmissing-prototypes]
void SystemClock_Config(void)
     ^
main.c(11): note: declare 'static' if the function is not intended to be used outside of this translation unit
void SystemClock_Config(void)
^
static 
4 warnings generated.
compiling main.c...
linking...
Program Size: Code=2616 RO-data=472 RW-data=12 ZI-data=1644  
".\Objects\kurs.axf" - 0 Error(s), 4 Warning(s).

<h2>Software Packages used:</h2>

Package Vendor: ARM
                http://www.keil.com/pack/ARM.CMSIS.5.8.0.pack
                ARM.CMSIS.5.8.0
                CMSIS (Common Microcontroller Software Interface Standard)
   * Component: CORE Version: 5.5.0

Package Vendor: Keil
                http://www.keil.com/pack/Keil.STM32F3xx_DFP.2.2.2.pack
                Keil.STM32F3xx_DFP.2.2.2
                STMicroelectronics STM32F3 Series Device Support and Examples
   * Component: COMMON Version: 1.11.3
   * Component: CORTEX Version: 1.11.3
   * Component: DMA Version: 1.11.3
   * Component: FLASH Version: 1.11.3
   * Component: GPIO Version: 1.11.3
   * Component: I2C Version: 1.11.3
   * Component: RCC Version: 1.11.3
   * Component: RTC Version: 1.11.3
   * Component: SPI Version: 1.11.3
   * Component: UART Version: 1.11.3
   * Component: COMMON Version: 1.11.3
   * Component: COMP Version: 1.11.3
   * Component: DMA Version: 1.11.3
   * Component: GPIO Version: 1.11.3
   * Component: I2C Version: 1.11.3
   * Component: PWR Version: 1.11.3
   * Component: RCC Version: 1.11.3
   * Component: USART Version: 1.11.3
   * Component: UTILS Version: 1.11.3
   * Component: Startup Version: 1.11.3

<h2>Collection of Component include folders:</h2>
  .\RTE\Device\STM32F303VCTx
  .\RTE\_Target_1
  C:\Users\User\AppData\Local\Arm\Packs\ARM\CMSIS\5.8.0\CMSIS\Core\Include
  C:\Users\User\AppData\Local\Arm\Packs\Keil\STM32F3xx_DFP\2.2.2\Drivers\CMSIS\Device\ST\STM32F3xx\Include
  C:\Users\User\AppData\Local\Arm\Packs\Keil\STM32F3xx_DFP\2.2.2\Drivers\STM32F3xx_HAL_Driver\Inc
  C:\Users\User\AppData\Local\Arm\Packs\Keil\STM32F3xx_DFP\2.2.2\Drivers\STM32F3xx_HAL_Driver\Inc\Legacy

<h2>Collection of Component Files used:</h2>

   * Component: ARM::CMSIS:CORE:5.5.0

   * Component: Keil.Standalone::Device:STM32Cube HAL:COMMON:1.11.3
      Source file:   MDK\Templates\Src\stm32f3xx_it.c
      Include file:  MDK\Templates\Inc\main.h
      Include file:  Drivers\STM32F3xx_HAL_Driver\Inc\stm32f3xx_hal.h
      Source file:   Drivers\STM32F3xx_HAL_Driver\Src\stm32f3xx_hal.c
      Include file:  Drivers\STM32F3xx_HAL_Driver\Inc\Legacy\stm32_hal_legacy.h
      Include file:  MDK\Templates\Inc\stm32f3xx_hal_conf.h
      Include file:  Drivers\STM32F3xx_HAL_Driver\Inc\stm32f3xx_hal_def.h
      Source file:   MDK\Templates\Src\stm32f3xx_hal_msp.c
      Include file:  MDK\Templates\Inc\stm32f3xx_it.h
      Source file:   MDK\Templates\Src\main.c

   * Component: Keil.Standalone::Device:STM32Cube HAL:CORTEX:1.11.3
      Source file:   Drivers\STM32F3xx_HAL_Driver\Src\stm32f3xx_hal_cortex.c

   * Component: Keil.Standalone::Device:STM32Cube HAL:DMA:1.11.3
      Source file:   Drivers\STM32F3xx_HAL_Driver\Src\stm32f3xx_hal_dma.c

   * Component: Keil.Standalone::Device:STM32Cube HAL:FLASH:1.11.3
      Source file:   Drivers\STM32F3xx_HAL_Driver\Src\stm32f3xx_hal_flash.c
      Source file:   Drivers\STM32F3xx_HAL_Driver\Src\stm32f3xx_hal_flash_ex.c

   * Component: Keil.Standalone::Device:STM32Cube HAL:GPIO:1.11.3
      Source file:   Drivers\STM32F3xx_HAL_Driver\Src\stm32f3xx_hal_gpio.c

   * Component: Keil.Standalone::Device:STM32Cube HAL:I2C:1.11.3
      Source file:   Drivers\STM32F3xx_HAL_Driver\Src\stm32f3xx_hal_i2c_ex.c
      Source file:   Drivers\STM32F3xx_HAL_Driver\Src\stm32f3xx_hal_i2c.c

   * Component: Keil.Standalone::Device:STM32Cube HAL:RCC:1.11.3
      Source file:   Drivers\STM32F3xx_HAL_Driver\Src\stm32f3xx_hal_rcc.c
      Source file:   Drivers\STM32F3xx_HAL_Driver\Src\stm32f3xx_hal_rcc_ex.c

   * Component: Keil.Standalone::Device:STM32Cube HAL:RTC:1.11.3
      Source file:   Drivers\STM32F3xx_HAL_Driver\Src\stm32f3xx_hal_rtc_ex.c
      Source file:   Drivers\STM32F3xx_HAL_Driver\Src\stm32f3xx_hal_rtc.c

   * Component: Keil.Standalone::Device:STM32Cube HAL:SPI:1.11.3
      Source file:   Drivers\STM32F3xx_HAL_Driver\Src\stm32f3xx_hal_spi.c
      Source file:   Drivers\STM32F3xx_HAL_Driver\Src\stm32f3xx_hal_spi_ex.c

   * Component: Keil.Standalone::Device:STM32Cube HAL:UART:1.11.3
      Source file:   Drivers\STM32F3xx_HAL_Driver\Src\stm32f3xx_hal_uart.c
      Source file:   Drivers\STM32F3xx_HAL_Driver\Src\stm32f3xx_hal_uart_ex.c

   * Component: Keil.Standalone::Device:STM32Cube LL:COMMON:1.11.3
      Include file:  MDK\Templates_LL\Inc\stm32f3xx_it.h
      Source file:   MDK\Driver\stm32f3xx_ll.c
      Source file:   MDK\Templates_LL\Src\main.c
      Include file:  MDK\Templates_LL\Inc\stm32_assert.h
      Source file:   MDK\Templates_LL\Src\stm32f3xx_it.c
      Include file:  MDK\Templates_LL\Inc\main.h

   * Component: Keil.Standalone::Device:STM32Cube LL:COMP:1.11.3
      Source file:   Drivers\STM32F3xx_HAL_Driver\Src\stm32f3xx_ll_comp.c

   * Component: Keil.Standalone::Device:STM32Cube LL:DMA:1.11.3
      Source file:   Drivers\STM32F3xx_HAL_Driver\Src\stm32f3xx_ll_dma.c

   * Component: Keil.Standalone::Device:STM32Cube LL:GPIO:1.11.3
      Source file:   Drivers\STM32F3xx_HAL_Driver\Src\stm32f3xx_ll_gpio.c

   * Component: Keil.Standalone::Device:STM32Cube LL:I2C:1.11.3
      Source file:   Drivers\STM32F3xx_HAL_Driver\Src\stm32f3xx_ll_i2c.c

   * Component: Keil.Standalone::Device:STM32Cube LL:PWR:1.11.3
      Source file:   Drivers\STM32F3xx_HAL_Driver\Src\stm32f3xx_ll_pwr.c

   * Component: Keil.Standalone::Device:STM32Cube LL:RCC:1.11.3
      Source file:   Drivers\STM32F3xx_HAL_Driver\Src\stm32f3xx_ll_rcc.c

   * Component: Keil.Standalone::Device:STM32Cube LL:USART:1.11.3
      Source file:   Drivers\STM32F3xx_HAL_Driver\Src\stm32f3xx_ll_usart.c

   * Component: Keil.Standalone::Device:STM32Cube LL:UTILS:1.11.3
      Source file:   Drivers\STM32F3xx_HAL_Driver\Src\stm32f3xx_ll_utils.c

   * Component: Keil.Standalone::Device:Startup:1.11.3
      Source file:   Drivers\CMSIS\Device\ST\STM32F3xx\Source\Templates\system_stm32f3xx.c
      Source file:   MDK\Device\Source\ARM\STM32F3xx_OPT.s
      Source file:   Drivers\CMSIS\Device\ST\STM32F3xx\Source\Templates\arm\startup_stm32f303xc.s
      Include file:  Drivers\CMSIS\Device\ST\STM32F3xx\Include\stm32f3xx.h
Build Time Elapsed:  00:00:01
</pre>
</body>
</html>
